// Jest Snapshot v1, https://goo.gl/fbAQLP

exports[`renders an object widget component 1`] = `
<div>
  <div
    className="ui attached tabular menu"
  >
    <a
      className="active item"
      onClick={[Function]}
    >
      Internal
    </a>
    <a
      className="item"
      onClick={[Function]}
    >
      External
    </a>
    <a
      className="item"
      onClick={[Function]}
    >
      Email
    </a>
  </div>
  <div
    className="ui bottom attached segment active tab"
  >
    <div
      className="inline field text"
      id="field-internal_link"
    >
      <div
        className="ui grid"
      >
        <div
          className="stretched row"
        >
          <div
            className="four wide column"
          >
            <div
              className="wrapper"
            >
              <label
                htmlFor="field-internal_link"
              >
                Internal link
              </label>
            </div>
          </div>
          <div
            className="eight wide column"
          >
            <div
              className="ui input"
            >
              <input
                disabled={false}
                id="field-internal_link"
                name="internal_link"
                onChange={[Function]}
                type="text"
                value=""
              />
            </div>
          </div>
        </div>
      </div>
    </div>
  </div>
</div>
`;

exports[`renders an object widget component with invalid field in value 1`] = `
<div>
  <div
    className="ui attached tabular menu"
  >
    <a
      className="active item"
      onClick={[Function]}
    >
      Internal
    </a>
    <a
      className="item"
      onClick={[Function]}
    >
      External
    </a>
    <a
      className="item"
      onClick={[Function]}
    >
      Email
    </a>
  </div>
  <div
    className="ui bottom attached segment active tab"
  >
    <div
      className="inline field text"
      id="field-internal_link"
    >
      <div
        className="ui grid"
      >
        <div
          className="stretched row"
        >
          <div
            className="four wide column"
          >
            <div
              className="wrapper"
            >
              <label
                htmlFor="field-internal_link"
              >
                Internal link
              </label>
            </div>
          </div>
          <div
            className="eight wide column"
          >
            <div
              className="ui input"
            >
              <input
                disabled={false}
                id="field-internal_link"
                name="internal_link"
                onChange={[Function]}
                type="text"
                value=""
              />
            </div>
          </div>
        </div>
      </div>
    </div>
  </div>
</div>
`;
